// Jest Snapshot v1, https://goo.gl/fbAQLP

exports[`<Calculator /> component Component render correctly 1`] = `
<main
  className="page__calculator"
>
  <div
    className="calc__description"
  >
    <h2
      className="main__title"
    >
      Let's do some Math
    </h2>
  </div>
  <div
    className="calc__box"
    data-testid="calc__box"
  >
    <div
      className="calc__result grid-col-span-4"
    >
      0
    </div>
    <button
      className="btn"
      data-testid="calcBtn"
      id="calc__btn-ac"
      onClick={[Function]}
      type="button"
    >
      AC
    </button>
    <button
      className="btn"
      data-testid="calcBtn"
      id="calc__btn-addsub"
      onClick={[Function]}
      type="button"
    >
      +/-
    </button>
    <button
      className="btn"
      data-testid="calcBtn"
      id="calc__btn-percen"
      onClick={[Function]}
      type="button"
    >
      %
    </button>
    <button
      className="btn"
      data-testid="calcBtn"
      id="calc__btn-divisi"
      onClick={[Function]}
      type="button"
    >
      รท
    </button>
    <button
      className="btn"
      data-testid="calcBtn"
      id="calc__btn-7"
      onClick={[Function]}
      type="button"
    >
      7
    </button>
    <button
      className="btn"
      data-testid="calcBtn"
      id="calc__btn-8"
      onClick={[Function]}
      type="button"
    >
      8
    </button>
    <button
      className="btn"
      data-testid="calcBtn"
      id="calc__btn-9"
      onClick={[Function]}
      type="button"
    >
      9
    </button>
    <button
      className="btn"
      data-testid="calcBtn"
      id="calc__btn-multip"
      onClick={[Function]}
      type="button"
    >
      x
    </button>
    <button
      className="btn"
      data-testid="calcBtn"
      id="calc__btn-4"
      onClick={[Function]}
      type="button"
    >
      4
    </button>
    <button
      className="btn"
      data-testid="calcBtn"
      id="calc__btn-5"
      onClick={[Function]}
      type="button"
    >
      5
    </button>
    <button
      className="btn"
      data-testid="calcBtn"
      id="calc__btn-6"
      onClick={[Function]}
      type="button"
    >
      6
    </button>
    <button
      className="btn"
      data-testid="calcBtn"
      id="calc__btn-substr"
      onClick={[Function]}
      type="button"
    >
      -
    </button>
    <button
      className="btn"
      data-testid="calcBtn"
      id="calc__btn-1"
      onClick={[Function]}
      type="button"
    >
      1
    </button>
    <button
      className="btn"
      data-testid="calcBtn"
      id="calc__btn-2"
      onClick={[Function]}
      type="button"
    >
      2
    </button>
    <button
      className="btn"
      data-testid="calcBtn"
      id="calc__btn-3"
      onClick={[Function]}
      type="button"
    >
      3
    </button>
    <button
      className="btn"
      data-testid="calcBtn"
      id="calc__btn-add"
      onClick={[Function]}
      type="button"
    >
      +
    </button>
    <button
      className="btn"
      data-testid="calcBtn"
      id="calc__btn-0"
      onClick={[Function]}
      type="button"
    >
      0
    </button>
    <button
      className="btn"
      data-testid="calcBtn"
      id="calc__btn-dot"
      onClick={[Function]}
      type="button"
    >
      .
    </button>
    <button
      className="btn"
      data-testid="calcBtn"
      id="calc__btn-equal"
      onClick={[Function]}
      type="button"
    >
      =
    </button>
  </div>
</main>
`;
