// Jest Snapshot v1, https://goo.gl/fbAQLP

exports[`<Footer /> component Component render correctly 1`] = `
<footer
  className="footer__box"
>
  © 2022 Gabriela Sánchez Espirilla
</footer>
`;
